[2025-05-03 14:38:11] local.ERROR: Unsupported image type image/svg+xml. GD driver is only able to decode JPG, PNG, GIF, BMP or WebP files. {"userId":1,"exception":"[object] (Intervention\\Image\\Exception\\NotReadableException(code: 0): Unsupported image type image/svg+xml. GD driver is only able to decode JPG, PNG, GIF, BMP or WebP files. at /home/ouknik/Desktop/brahim_projects/j/j v2/jeunesscar/framework/vendor/intervention/image/src/Intervention/Image/Gd/Decoder.php:75)
[stacktrace]
#0 /home/ouknik/Desktop/brahim_projects/j/j v2/jeunesscar/framework/vendor/intervention/image/src/Intervention/Image/AbstractDecoder.php(344): Intervention\\Image\\Gd\\Decoder->initFromPath()
#1 /home/ouknik/Desktop/brahim_projects/j/j v2/jeunesscar/framework/vendor/intervention/image/src/Intervention/Image/AbstractDriver.php(66): Intervention\\Image\\AbstractDecoder->init()
#2 /home/ouknik/Desktop/brahim_projects/j/j v2/jeunesscar/framework/vendor/intervention/image/src/Intervention/Image/ImageManager.php(54): Intervention\\Image\\AbstractDriver->init()
#3 /home/ouknik/Desktop/brahim_projects/j/j v2/jeunesscar/framework/vendor/laravel/framework/src/Illuminate/Support/Facades/Facade.php(355): Intervention\\Image\\ImageManager->make()
#4 /home/ouknik/Desktop/brahim_projects/j/j v2/jeunesscar/framework/app/Http/Controllers/Admin/SettingsController.php(700): Illuminate\\Support\\Facades\\Facade::__callStatic()
#5 /home/ouknik/Desktop/brahim_projects/j/j v2/jeunesscar/framework/vendor/laravel/framework/src/Illuminate/Routing/Controller.php(54): App\\Http\\Controllers\\Admin\\SettingsController->changeLogo()
#6 /home/ouknik/Desktop/brahim_projects/j/j v2/jeunesscar/framework/vendor/laravel/framework/src/Illuminate/Routing/ControllerDispatcher.php(43): Illuminate\\Routing\\Controller->callAction()
#7 /home/ouknik/Desktop/brahim_projects/j/j v2/jeunesscar/framework/vendor/laravel/framework/src/Illuminate/Routing/Route.php(259): Illuminate\\Routing\\ControllerDispatcher->dispatch()
#8 /home/ouknik/Desktop/brahim_projects/j/j v2/jeunesscar/framework/vendor/laravel/framework/src/Illuminate/Routing/Route.php(205): Illuminate\\Routing\\Route->runController()
#9 /home/ouknik/Desktop/brahim_projects/j/j v2/jeunesscar/framework/vendor/laravel/framework/src/Illuminate/Routing/Router.php(806): Illuminate\\Routing\\Route->run()
#10 /home/ouknik/Desktop/brahim_projects/j/j v2/jeunesscar/framework/vendor/laravel/framework/src/Illuminate/Pipeline/Pipeline.php(144): Illuminate\\Routing\\Router->Illuminate\\Routing\\{closure}()
#11 /home/ouknik/Desktop/brahim_projects/j/j v2/jeunesscar/framework/vendor/spatie/laravel-permission/src/Middlewares/PermissionMiddleware.php(24): Illuminate\\Pipeline\\Pipeline->Illuminate\\Pipeline\\{closure}()
#12 /home/ouknik/Desktop/brahim_projects/j/j v2/jeunesscar/framework/vendor/laravel/framework/src/Illuminate/Pipeline/Pipeline.php(183): Spatie\\Permission\\Middlewares\\PermissionMiddleware->handle()
#13 /home/ouknik/Desktop/brahim_projects/j/j v2/jeunesscar/framework/app/Http/Middleware/IsInstalled.php(29): Illuminate\\Pipeline\\Pipeline->Illuminate\\Pipeline\\{closure}()
#14 /home/ouknik/Desktop/brahim_projects/j/j v2/jeunesscar/framework/vendor/laravel/framework/src/Illuminate/Pipeline/Pipeline.php(183): App\\Http\\Middleware\\IsInstalled->handle()
#15 /home/ouknik/Desktop/brahim_projects/j/j v2/jeunesscar/framework/app/Http/Middleware/OfficeAdmin.php(25): Illuminate\\Pipeline\\Pipeline->Illuminate\\Pipeline\\{closure}()
#16 /home/ouknik/Desktop/brahim_projects/j/j v2/jeunesscar/framework/vendor/laravel/framework/src/Illuminate/Pipeline/Pipeline.php(183): App\\Http\\Middleware\\OfficeAdmin->handle()
#17 /home/ouknik/Desktop/brahim_projects/j/j v2/jeunesscar/framework/app/Http/Middleware/SetLocale.php(37): Illuminate\\Pipeline\\Pipeline->Illuminate\\Pipeline\\{closure}()
#18 /home/ouknik/Desktop/brahim_projects/j/j v2/jeunesscar/framework/vendor/laravel/framework/src/Illuminate/Pipeline/Pipeline.php(183): App\\Http\\Middleware\\SetLocale->handle()
#19 /home/ouknik/Desktop/brahim_projects/j/j v2/jeunesscar/framework/vendor/laravel/framework/src/Illuminate/Routing/Middleware/SubstituteBindings.php(50): Illuminate\\Pipeline\\Pipeline->Illuminate\\Pipeline\\{closure}()
#20 /home/ouknik/Desktop/brahim_projects/j/j v2/jeunesscar/framework/vendor/laravel/framework/src/Illuminate/Pipeline/Pipeline.php(183): Illuminate\\Routing\\Middleware\\SubstituteBindings->handle()
#21 /home/ouknik/Desktop/brahim_projects/j/j v2/jeunesscar/framework/vendor/laravel/framework/src/Illuminate/Auth/Middleware/Authenticate.php(57): Illuminate\\Pipeline\\Pipeline->Illuminate\\Pipeline\\{closure}()
#22 /home/ouknik/Desktop/brahim_projects/j/j v2/jeunesscar/framework/vendor/laravel/framework/src/Illuminate/Pipeline/Pipeline.php(183): Illuminate\\Auth\\Middleware\\Authenticate->handle()
#23 /home/ouknik/Desktop/brahim_projects/j/j v2/jeunesscar/framework/vendor/laravel/framework/src/Illuminate/Foundation/Http/Middleware/VerifyCsrfToken.php(78): Illuminate\\Pipeline\\Pipeline->Illuminate\\Pipeline\\{closure}()
#24 /home/ouknik/Desktop/brahim_projects/j/j v2/jeunesscar/framework/vendor/laravel/framework/src/Illuminate/Pipeline/Pipeline.php(183): Illuminate\\Foundation\\Http\\Middleware\\VerifyCsrfToken->handle()
#25 /home/ouknik/Desktop/brahim_projects/j/j v2/jeunesscar/framework/vendor/laravel/framework/src/Illuminate/View/Middleware/ShareErrorsFromSession.php(49): Illuminate\\Pipeline\\Pipeline->Illuminate\\Pipeline\\{closure}()
#26 /home/ouknik/Desktop/brahim_projects/j/j v2/jeunesscar/framework/vendor/laravel/framework/src/Illuminate/Pipeline/Pipeline.php(183): Illuminate\\View\\Middleware\\ShareErrorsFromSession->handle()
#27 /home/ouknik/Desktop/brahim_projects/j/j v2/jeunesscar/framework/vendor/laravel/framework/src/Illuminate/Session/Middleware/StartSession.php(121): Illuminate\\Pipeline\\Pipeline->Illuminate\\Pipeline\\{closure}()
#28 /home/ouknik/Desktop/brahim_projects/j/j v2/jeunesscar/framework/vendor/laravel/framework/src/Illuminate/Session/Middleware/StartSession.php(64): Illuminate\\Session\\Middleware\\StartSession->handleStatefulRequest()
#29 /home/ouknik/Desktop/brahim_projects/j/j v2/jeunesscar/framework/vendor/laravel/framework/src/Illuminate/Pipeline/Pipeline.php(183): Illuminate\\Session\\Middleware\\StartSession->handle()
#30 /home/ouknik/Desktop/brahim_projects/j/j v2/jeunesscar/framework/vendor/laravel/framework/src/Illuminate/Cookie/Middleware/AddQueuedCookiesToResponse.php(37): Illuminate\\Pipeline\\Pipeline->Illuminate\\Pipeline\\{closure}()
#31 /home/ouknik/Desktop/brahim_projects/j/j v2/jeunesscar/framework/vendor/laravel/framework/src/Illuminate/Pipeline/Pipeline.php(183): Illuminate\\Cookie\\Middleware\\AddQueuedCookiesToResponse->handle()
#32 /home/ouknik/Desktop/brahim_projects/j/j v2/jeunesscar/framework/vendor/laravel/framework/src/Illuminate/Cookie/Middleware/EncryptCookies.php(67): Illuminate\\Pipeline\\Pipeline->Illuminate\\Pipeline\\{closure}()
#33 /home/ouknik/Desktop/brahim_projects/j/j v2/jeunesscar/framework/vendor/laravel/framework/src/Illuminate/Pipeline/Pipeline.php(183): Illuminate\\Cookie\\Middleware\\EncryptCookies->handle()
#34 /home/ouknik/Desktop/brahim_projects/j/j v2/jeunesscar/framework/vendor/laravel/framework/src/Illuminate/Pipeline/Pipeline.php(119): Illuminate\\Pipeline\\Pipeline->Illuminate\\Pipeline\\{closure}()
#35 /home/ouknik/Desktop/brahim_projects/j/j v2/jeunesscar/framework/vendor/laravel/framework/src/Illuminate/Routing/Router.php(805): Illuminate\\Pipeline\\Pipeline->then()
#36 /home/ouknik/Desktop/brahim_projects/j/j v2/jeunesscar/framework/vendor/laravel/framework/src/Illuminate/Routing/Router.php(784): Illuminate\\Routing\\Router->runRouteWithinStack()
#37 /home/ouknik/Desktop/brahim_projects/j/j v2/jeunesscar/framework/vendor/laravel/framework/src/Illuminate/Routing/Router.php(748): Illuminate\\Routing\\Router->runRoute()
#38 /home/ouknik/Desktop/brahim_projects/j/j v2/jeunesscar/framework/vendor/laravel/framework/src/Illuminate/Routing/Router.php(737): Illuminate\\Routing\\Router->dispatchToRoute()
#39 /home/ouknik/Desktop/brahim_projects/j/j v2/jeunesscar/framework/vendor/laravel/framework/src/Illuminate/Foundation/Http/Kernel.php(200): Illuminate\\Routing\\Router->dispatch()
#40 /home/ouknik/Desktop/brahim_projects/j/j v2/jeunesscar/framework/vendor/laravel/framework/src/Illuminate/Pipeline/Pipeline.php(144): Illuminate\\Foundation\\Http\\Kernel->Illuminate\\Foundation\\Http\\{closure}()
#41 /home/ouknik/Desktop/brahim_projects/j/j v2/jeunesscar/framework/vendor/laravel/framework/src/Illuminate/Foundation/Http/Middleware/TransformsRequest.php(21): Illuminate\\Pipeline\\Pipeline->Illuminate\\Pipeline\\{closure}()
#42 /home/ouknik/Desktop/brahim_projects/j/j v2/jeunesscar/framework/vendor/laravel/framework/src/Illuminate/Foundation/Http/Middleware/ConvertEmptyStringsToNull.php(31): Illuminate\\Foundation\\Http\\Middleware\\TransformsRequest->handle()
#43 /home/ouknik/Desktop/brahim_projects/j/j v2/jeunesscar/framework/vendor/laravel/framework/src/Illuminate/Pipeline/Pipeline.php(183): Illuminate\\Foundation\\Http\\Middleware\\ConvertEmptyStringsToNull->handle()
#44 /home/ouknik/Desktop/brahim_projects/j/j v2/jeunesscar/framework/vendor/laravel/framework/src/Illuminate/Foundation/Http/Middleware/TransformsRequest.php(21): Illuminate\\Pipeline\\Pipeline->Illuminate\\Pipeline\\{closure}()
#45 /home/ouknik/Desktop/brahim_projects/j/j v2/jeunesscar/framework/vendor/laravel/framework/src/Illuminate/Foundation/Http/Middleware/TrimStrings.php(40): Illuminate\\Foundation\\Http\\Middleware\\TransformsRequest->handle()
#46 /home/ouknik/Desktop/brahim_projects/j/j v2/jeunesscar/framework/vendor/laravel/framework/src/Illuminate/Pipeline/Pipeline.php(183): Illuminate\\Foundation\\Http\\Middleware\\TrimStrings->handle()
#47 /home/ouknik/Desktop/brahim_projects/j/j v2/jeunesscar/framework/vendor/laravel/framework/src/Illuminate/Foundation/Http/Middleware/ValidatePostSize.php(27): Illuminate\\Pipeline\\Pipeline->Illuminate\\Pipeline\\{closure}()
#48 /home/ouknik/Desktop/brahim_projects/j/j v2/jeunesscar/framework/vendor/laravel/framework/src/Illuminate/Pipeline/Pipeline.php(183): Illuminate\\Foundation\\Http\\Middleware\\ValidatePostSize->handle()
#49 /home/ouknik/Desktop/brahim_projects/j/j v2/jeunesscar/framework/vendor/laravel/framework/src/Illuminate/Foundation/Http/Middleware/PreventRequestsDuringMaintenance.php(99): Illuminate\\Pipeline\\Pipeline->Illuminate\\Pipeline\\{closure}()
#50 /home/ouknik/Desktop/brahim_projects/j/j v2/jeunesscar/framework/vendor/laravel/framework/src/Illuminate/Pipeline/Pipeline.php(183): Illuminate\\Foundation\\Http\\Middleware\\PreventRequestsDuringMaintenance->handle()
#51 /home/ouknik/Desktop/brahim_projects/j/j v2/jeunesscar/framework/vendor/laravel/framework/src/Illuminate/Pipeline/Pipeline.php(119): Illuminate\\Pipeline\\Pipeline->Illuminate\\Pipeline\\{closure}()
#52 /home/ouknik/Desktop/brahim_projects/j/j v2/jeunesscar/framework/vendor/laravel/framework/src/Illuminate/Foundation/Http/Kernel.php(175): Illuminate\\Pipeline\\Pipeline->then()
#53 /home/ouknik/Desktop/brahim_projects/j/j v2/jeunesscar/framework/vendor/laravel/framework/src/Illuminate/Foundation/Http/Kernel.php(144): Illuminate\\Foundation\\Http\\Kernel->sendRequestThroughRouter()
#54 /home/ouknik/Desktop/brahim_projects/j/j v2/jeunesscar/index.php(13): Illuminate\\Foundation\\Http\\Kernel->handle()
#55 {main}
"} 
[2025-05-03 14:38:16] local.ERROR: Unsupported image type image/svg+xml. GD driver is only able to decode JPG, PNG, GIF, BMP or WebP files. {"userId":1,"exception":"[object] (Intervention\\Image\\Exception\\NotReadableException(code: 0): Unsupported image type image/svg+xml. GD driver is only able to decode JPG, PNG, GIF, BMP or WebP files. at /home/ouknik/Desktop/brahim_projects/j/j v2/jeunesscar/framework/vendor/intervention/image/src/Intervention/Image/Gd/Decoder.php:75)
[stacktrace]
#0 /home/ouknik/Desktop/brahim_projects/j/j v2/jeunesscar/framework/vendor/intervention/image/src/Intervention/Image/AbstractDecoder.php(344): Intervention\\Image\\Gd\\Decoder->initFromPath()
#1 /home/ouknik/Desktop/brahim_projects/j/j v2/jeunesscar/framework/vendor/intervention/image/src/Intervention/Image/AbstractDriver.php(66): Intervention\\Image\\AbstractDecoder->init()
#2 /home/ouknik/Desktop/brahim_projects/j/j v2/jeunesscar/framework/vendor/intervention/image/src/Intervention/Image/ImageManager.php(54): Intervention\\Image\\AbstractDriver->init()
#3 /home/ouknik/Desktop/brahim_projects/j/j v2/jeunesscar/framework/vendor/laravel/framework/src/Illuminate/Support/Facades/Facade.php(355): Intervention\\Image\\ImageManager->make()
#4 /home/ouknik/Desktop/brahim_projects/j/j v2/jeunesscar/framework/app/Http/Controllers/Admin/SettingsController.php(700): Illuminate\\Support\\Facades\\Facade::__callStatic()
#5 /home/ouknik/Desktop/brahim_projects/j/j v2/jeunesscar/framework/vendor/laravel/framework/src/Illuminate/Routing/Controller.php(54): App\\Http\\Controllers\\Admin\\SettingsController->changeLogo()
#6 /home/ouknik/Desktop/brahim_projects/j/j v2/jeunesscar/framework/vendor/laravel/framework/src/Illuminate/Routing/ControllerDispatcher.php(43): Illuminate\\Routing\\Controller->callAction()
#7 /home/ouknik/Desktop/brahim_projects/j/j v2/jeunesscar/framework/vendor/laravel/framework/src/Illuminate/Routing/Route.php(259): Illuminate\\Routing\\ControllerDispatcher->dispatch()
#8 /home/ouknik/Desktop/brahim_projects/j/j v2/jeunesscar/framework/vendor/laravel/framework/src/Illuminate/Routing/Route.php(205): Illuminate\\Routing\\Route->runController()
#9 /home/ouknik/Desktop/brahim_projects/j/j v2/jeunesscar/framework/vendor/laravel/framework/src/Illuminate/Routing/Router.php(806): Illuminate\\Routing\\Route->run()
#10 /home/ouknik/Desktop/brahim_projects/j/j v2/jeunesscar/framework/vendor/laravel/framework/src/Illuminate/Pipeline/Pipeline.php(144): Illuminate\\Routing\\Router->Illuminate\\Routing\\{closure}()
#11 /home/ouknik/Desktop/brahim_projects/j/j v2/jeunesscar/framework/vendor/spatie/laravel-permission/src/Middlewares/PermissionMiddleware.php(24): Illuminate\\Pipeline\\Pipeline->Illuminate\\Pipeline\\{closure}()
#12 /home/ouknik/Desktop/brahim_projects/j/j v2/jeunesscar/framework/vendor/laravel/framework/src/Illuminate/Pipeline/Pipeline.php(183): Spatie\\Permission\\Middlewares\\PermissionMiddleware->handle()
#13 /home/ouknik/Desktop/brahim_projects/j/j v2/jeunesscar/framework/app/Http/Middleware/IsInstalled.php(29): Illuminate\\Pipeline\\Pipeline->Illuminate\\Pipeline\\{closure}()
#14 /home/ouknik/Desktop/brahim_projects/j/j v2/jeunesscar/framework/vendor/laravel/framework/src/Illuminate/Pipeline/Pipeline.php(183): App\\Http\\Middleware\\IsInstalled->handle()
#15 /home/ouknik/Desktop/brahim_projects/j/j v2/jeunesscar/framework/app/Http/Middleware/OfficeAdmin.php(25): Illuminate\\Pipeline\\Pipeline->Illuminate\\Pipeline\\{closure}()
#16 /home/ouknik/Desktop/brahim_projects/j/j v2/jeunesscar/framework/vendor/laravel/framework/src/Illuminate/Pipeline/Pipeline.php(183): App\\Http\\Middleware\\OfficeAdmin->handle()
#17 /home/ouknik/Desktop/brahim_projects/j/j v2/jeunesscar/framework/app/Http/Middleware/SetLocale.php(37): Illuminate\\Pipeline\\Pipeline->Illuminate\\Pipeline\\{closure}()
#18 /home/ouknik/Desktop/brahim_projects/j/j v2/jeunesscar/framework/vendor/laravel/framework/src/Illuminate/Pipeline/Pipeline.php(183): App\\Http\\Middleware\\SetLocale->handle()
#19 /home/ouknik/Desktop/brahim_projects/j/j v2/jeunesscar/framework/vendor/laravel/framework/src/Illuminate/Routing/Middleware/SubstituteBindings.php(50): Illuminate\\Pipeline\\Pipeline->Illuminate\\Pipeline\\{closure}()
#20 /home/ouknik/Desktop/brahim_projects/j/j v2/jeunesscar/framework/vendor/laravel/framework/src/Illuminate/Pipeline/Pipeline.php(183): Illuminate\\Routing\\Middleware\\SubstituteBindings->handle()
#21 /home/ouknik/Desktop/brahim_projects/j/j v2/jeunesscar/framework/vendor/laravel/framework/src/Illuminate/Auth/Middleware/Authenticate.php(57): Illuminate\\Pipeline\\Pipeline->Illuminate\\Pipeline\\{closure}()
#22 /home/ouknik/Desktop/brahim_projects/j/j v2/jeunesscar/framework/vendor/laravel/framework/src/Illuminate/Pipeline/Pipeline.php(183): Illuminate\\Auth\\Middleware\\Authenticate->handle()
#23 /home/ouknik/Desktop/brahim_projects/j/j v2/jeunesscar/framework/vendor/laravel/framework/src/Illuminate/Foundation/Http/Middleware/VerifyCsrfToken.php(78): Illuminate\\Pipeline\\Pipeline->Illuminate\\Pipeline\\{closure}()
#24 /home/ouknik/Desktop/brahim_projects/j/j v2/jeunesscar/framework/vendor/laravel/framework/src/Illuminate/Pipeline/Pipeline.php(183): Illuminate\\Foundation\\Http\\Middleware\\VerifyCsrfToken->handle()
#25 /home/ouknik/Desktop/brahim_projects/j/j v2/jeunesscar/framework/vendor/laravel/framework/src/Illuminate/View/Middleware/ShareErrorsFromSession.php(49): Illuminate\\Pipeline\\Pipeline->Illuminate\\Pipeline\\{closure}()
#26 /home/ouknik/Desktop/brahim_projects/j/j v2/jeunesscar/framework/vendor/laravel/framework/src/Illuminate/Pipeline/Pipeline.php(183): Illuminate\\View\\Middleware\\ShareErrorsFromSession->handle()
#27 /home/ouknik/Desktop/brahim_projects/j/j v2/jeunesscar/framework/vendor/laravel/framework/src/Illuminate/Session/Middleware/StartSession.php(121): Illuminate\\Pipeline\\Pipeline->Illuminate\\Pipeline\\{closure}()
#28 /home/ouknik/Desktop/brahim_projects/j/j v2/jeunesscar/framework/vendor/laravel/framework/src/Illuminate/Session/Middleware/StartSession.php(64): Illuminate\\Session\\Middleware\\StartSession->handleStatefulRequest()
#29 /home/ouknik/Desktop/brahim_projects/j/j v2/jeunesscar/framework/vendor/laravel/framework/src/Illuminate/Pipeline/Pipeline.php(183): Illuminate\\Session\\Middleware\\StartSession->handle()
#30 /home/ouknik/Desktop/brahim_projects/j/j v2/jeunesscar/framework/vendor/laravel/framework/src/Illuminate/Cookie/Middleware/AddQueuedCookiesToResponse.php(37): Illuminate\\Pipeline\\Pipeline->Illuminate\\Pipeline\\{closure}()
#31 /home/ouknik/Desktop/brahim_projects/j/j v2/jeunesscar/framework/vendor/laravel/framework/src/Illuminate/Pipeline/Pipeline.php(183): Illuminate\\Cookie\\Middleware\\AddQueuedCookiesToResponse->handle()
#32 /home/ouknik/Desktop/brahim_projects/j/j v2/jeunesscar/framework/vendor/laravel/framework/src/Illuminate/Cookie/Middleware/EncryptCookies.php(67): Illuminate\\Pipeline\\Pipeline->Illuminate\\Pipeline\\{closure}()
#33 /home/ouknik/Desktop/brahim_projects/j/j v2/jeunesscar/framework/vendor/laravel/framework/src/Illuminate/Pipeline/Pipeline.php(183): Illuminate\\Cookie\\Middleware\\EncryptCookies->handle()
#34 /home/ouknik/Desktop/brahim_projects/j/j v2/jeunesscar/framework/vendor/laravel/framework/src/Illuminate/Pipeline/Pipeline.php(119): Illuminate\\Pipeline\\Pipeline->Illuminate\\Pipeline\\{closure}()
#35 /home/ouknik/Desktop/brahim_projects/j/j v2/jeunesscar/framework/vendor/laravel/framework/src/Illuminate/Routing/Router.php(805): Illuminate\\Pipeline\\Pipeline->then()
#36 /home/ouknik/Desktop/brahim_projects/j/j v2/jeunesscar/framework/vendor/laravel/framework/src/Illuminate/Routing/Router.php(784): Illuminate\\Routing\\Router->runRouteWithinStack()
#37 /home/ouknik/Desktop/brahim_projects/j/j v2/jeunesscar/framework/vendor/laravel/framework/src/Illuminate/Routing/Router.php(748): Illuminate\\Routing\\Router->runRoute()
#38 /home/ouknik/Desktop/brahim_projects/j/j v2/jeunesscar/framework/vendor/laravel/framework/src/Illuminate/Routing/Router.php(737): Illuminate\\Routing\\Router->dispatchToRoute()
#39 /home/ouknik/Desktop/brahim_projects/j/j v2/jeunesscar/framework/vendor/laravel/framework/src/Illuminate/Foundation/Http/Kernel.php(200): Illuminate\\Routing\\Router->dispatch()
#40 /home/ouknik/Desktop/brahim_projects/j/j v2/jeunesscar/framework/vendor/laravel/framework/src/Illuminate/Pipeline/Pipeline.php(144): Illuminate\\Foundation\\Http\\Kernel->Illuminate\\Foundation\\Http\\{closure}()
#41 /home/ouknik/Desktop/brahim_projects/j/j v2/jeunesscar/framework/vendor/laravel/framework/src/Illuminate/Foundation/Http/Middleware/TransformsRequest.php(21): Illuminate\\Pipeline\\Pipeline->Illuminate\\Pipeline\\{closure}()
#42 /home/ouknik/Desktop/brahim_projects/j/j v2/jeunesscar/framework/vendor/laravel/framework/src/Illuminate/Foundation/Http/Middleware/ConvertEmptyStringsToNull.php(31): Illuminate\\Foundation\\Http\\Middleware\\TransformsRequest->handle()
#43 /home/ouknik/Desktop/brahim_projects/j/j v2/jeunesscar/framework/vendor/laravel/framework/src/Illuminate/Pipeline/Pipeline.php(183): Illuminate\\Foundation\\Http\\Middleware\\ConvertEmptyStringsToNull->handle()
#44 /home/ouknik/Desktop/brahim_projects/j/j v2/jeunesscar/framework/vendor/laravel/framework/src/Illuminate/Foundation/Http/Middleware/TransformsRequest.php(21): Illuminate\\Pipeline\\Pipeline->Illuminate\\Pipeline\\{closure}()
#45 /home/ouknik/Desktop/brahim_projects/j/j v2/jeunesscar/framework/vendor/laravel/framework/src/Illuminate/Foundation/Http/Middleware/TrimStrings.php(40): Illuminate\\Foundation\\Http\\Middleware\\TransformsRequest->handle()
#46 /home/ouknik/Desktop/brahim_projects/j/j v2/jeunesscar/framework/vendor/laravel/framework/src/Illuminate/Pipeline/Pipeline.php(183): Illuminate\\Foundation\\Http\\Middleware\\TrimStrings->handle()
#47 /home/ouknik/Desktop/brahim_projects/j/j v2/jeunesscar/framework/vendor/laravel/framework/src/Illuminate/Foundation/Http/Middleware/ValidatePostSize.php(27): Illuminate\\Pipeline\\Pipeline->Illuminate\\Pipeline\\{closure}()
#48 /home/ouknik/Desktop/brahim_projects/j/j v2/jeunesscar/framework/vendor/laravel/framework/src/Illuminate/Pipeline/Pipeline.php(183): Illuminate\\Foundation\\Http\\Middleware\\ValidatePostSize->handle()
#49 /home/ouknik/Desktop/brahim_projects/j/j v2/jeunesscar/framework/vendor/laravel/framework/src/Illuminate/Foundation/Http/Middleware/PreventRequestsDuringMaintenance.php(99): Illuminate\\Pipeline\\Pipeline->Illuminate\\Pipeline\\{closure}()
#50 /home/ouknik/Desktop/brahim_projects/j/j v2/jeunesscar/framework/vendor/laravel/framework/src/Illuminate/Pipeline/Pipeline.php(183): Illuminate\\Foundation\\Http\\Middleware\\PreventRequestsDuringMaintenance->handle()
#51 /home/ouknik/Desktop/brahim_projects/j/j v2/jeunesscar/framework/vendor/laravel/framework/src/Illuminate/Pipeline/Pipeline.php(119): Illuminate\\Pipeline\\Pipeline->Illuminate\\Pipeline\\{closure}()
#52 /home/ouknik/Desktop/brahim_projects/j/j v2/jeunesscar/framework/vendor/laravel/framework/src/Illuminate/Foundation/Http/Kernel.php(175): Illuminate\\Pipeline\\Pipeline->then()
#53 /home/ouknik/Desktop/brahim_projects/j/j v2/jeunesscar/framework/vendor/laravel/framework/src/Illuminate/Foundation/Http/Kernel.php(144): Illuminate\\Foundation\\Http\\Kernel->sendRequestThroughRouter()
#54 /home/ouknik/Desktop/brahim_projects/j/j v2/jeunesscar/index.php(13): Illuminate\\Foundation\\Http\\Kernel->handle()
#55 {main}
"} 
[2025-05-03 21:04:23] local.ERROR: syntax error, unexpected token "class", expecting "function" {"exception":"[object] (ParseError(code: 0): syntax error, unexpected token \"class\", expecting \"function\" at /home/ouknik/Desktop/brahim_projects/j/j v2/jeunesscar/framework/app/Http/Controllers/Admin/ContractController.php:422)
[stacktrace]
#0 /home/ouknik/Desktop/brahim_projects/j/j v2/jeunesscar/framework/vendor/composer/ClassLoader.php(427): Composer\\Autoload\\{closure}()
#1 [internal function]: Composer\\Autoload\\ClassLoader->loadClass()
#2 /home/ouknik/Desktop/brahim_projects/j/j v2/jeunesscar/framework/vendor/laravel/framework/src/Illuminate/Routing/Route.php(1096): is_a()
#3 /home/ouknik/Desktop/brahim_projects/j/j v2/jeunesscar/framework/vendor/laravel/framework/src/Illuminate/Routing/Route.php(1035): Illuminate\\Routing\\Route->controllerMiddleware()
#4 /home/ouknik/Desktop/brahim_projects/j/j v2/jeunesscar/framework/vendor/laravel/framework/src/Illuminate/Routing/Router.php(818): Illuminate\\Routing\\Route->gatherMiddleware()
#5 /home/ouknik/Desktop/brahim_projects/j/j v2/jeunesscar/framework/vendor/laravel/framework/src/Illuminate/Routing/Router.php(800): Illuminate\\Routing\\Router->gatherRouteMiddleware()
#6 /home/ouknik/Desktop/brahim_projects/j/j v2/jeunesscar/framework/vendor/laravel/framework/src/Illuminate/Routing/Router.php(784): Illuminate\\Routing\\Router->runRouteWithinStack()
#7 /home/ouknik/Desktop/brahim_projects/j/j v2/jeunesscar/framework/vendor/laravel/framework/src/Illuminate/Routing/Router.php(748): Illuminate\\Routing\\Router->runRoute()
#8 /home/ouknik/Desktop/brahim_projects/j/j v2/jeunesscar/framework/vendor/laravel/framework/src/Illuminate/Routing/Router.php(737): Illuminate\\Routing\\Router->dispatchToRoute()
#9 /home/ouknik/Desktop/brahim_projects/j/j v2/jeunesscar/framework/vendor/laravel/framework/src/Illuminate/Foundation/Http/Kernel.php(200): Illuminate\\Routing\\Router->dispatch()
#10 /home/ouknik/Desktop/brahim_projects/j/j v2/jeunesscar/framework/vendor/laravel/framework/src/Illuminate/Pipeline/Pipeline.php(144): Illuminate\\Foundation\\Http\\Kernel->Illuminate\\Foundation\\Http\\{closure}()
#11 /home/ouknik/Desktop/brahim_projects/j/j v2/jeunesscar/framework/vendor/laravel/framework/src/Illuminate/Foundation/Http/Middleware/TransformsRequest.php(21): Illuminate\\Pipeline\\Pipeline->Illuminate\\Pipeline\\{closure}()
#12 /home/ouknik/Desktop/brahim_projects/j/j v2/jeunesscar/framework/vendor/laravel/framework/src/Illuminate/Foundation/Http/Middleware/ConvertEmptyStringsToNull.php(31): Illuminate\\Foundation\\Http\\Middleware\\TransformsRequest->handle()
#13 /home/ouknik/Desktop/brahim_projects/j/j v2/jeunesscar/framework/vendor/laravel/framework/src/Illuminate/Pipeline/Pipeline.php(183): Illuminate\\Foundation\\Http\\Middleware\\ConvertEmptyStringsToNull->handle()
#14 /home/ouknik/Desktop/brahim_projects/j/j v2/jeunesscar/framework/vendor/laravel/framework/src/Illuminate/Foundation/Http/Middleware/TransformsRequest.php(21): Illuminate\\Pipeline\\Pipeline->Illuminate\\Pipeline\\{closure}()
#15 /home/ouknik/Desktop/brahim_projects/j/j v2/jeunesscar/framework/vendor/laravel/framework/src/Illuminate/Foundation/Http/Middleware/TrimStrings.php(40): Illuminate\\Foundation\\Http\\Middleware\\TransformsRequest->handle()
#16 /home/ouknik/Desktop/brahim_projects/j/j v2/jeunesscar/framework/vendor/laravel/framework/src/Illuminate/Pipeline/Pipeline.php(183): Illuminate\\Foundation\\Http\\Middleware\\TrimStrings->handle()
#17 /home/ouknik/Desktop/brahim_projects/j/j v2/jeunesscar/framework/vendor/laravel/framework/src/Illuminate/Foundation/Http/Middleware/ValidatePostSize.php(27): Illuminate\\Pipeline\\Pipeline->Illuminate\\Pipeline\\{closure}()
#18 /home/ouknik/Desktop/brahim_projects/j/j v2/jeunesscar/framework/vendor/laravel/framework/src/Illuminate/Pipeline/Pipeline.php(183): Illuminate\\Foundation\\Http\\Middleware\\ValidatePostSize->handle()
#19 /home/ouknik/Desktop/brahim_projects/j/j v2/jeunesscar/framework/vendor/laravel/framework/src/Illuminate/Foundation/Http/Middleware/PreventRequestsDuringMaintenance.php(99): Illuminate\\Pipeline\\Pipeline->Illuminate\\Pipeline\\{closure}()
#20 /home/ouknik/Desktop/brahim_projects/j/j v2/jeunesscar/framework/vendor/laravel/framework/src/Illuminate/Pipeline/Pipeline.php(183): Illuminate\\Foundation\\Http\\Middleware\\PreventRequestsDuringMaintenance->handle()
#21 /home/ouknik/Desktop/brahim_projects/j/j v2/jeunesscar/framework/vendor/laravel/framework/src/Illuminate/Pipeline/Pipeline.php(119): Illuminate\\Pipeline\\Pipeline->Illuminate\\Pipeline\\{closure}()
#22 /home/ouknik/Desktop/brahim_projects/j/j v2/jeunesscar/framework/vendor/laravel/framework/src/Illuminate/Foundation/Http/Kernel.php(175): Illuminate\\Pipeline\\Pipeline->then()
#23 /home/ouknik/Desktop/brahim_projects/j/j v2/jeunesscar/framework/vendor/laravel/framework/src/Illuminate/Foundation/Http/Kernel.php(144): Illuminate\\Foundation\\Http\\Kernel->sendRequestThroughRouter()
#24 /home/ouknik/Desktop/brahim_projects/j/j v2/jeunesscar/index.php(13): Illuminate\\Foundation\\Http\\Kernel->handle()
#25 {main}
"} 
